[royalpalmcollege.com/index.html]
[royalpalmcollege.com/xmlrpc.php]
[backblue.gif]
[fade.gif]
[index.html]
[royalpalmcollege.com/wp-json/pwa-for-wp/v2/pwa-manifest-json.json]
[royalpalmcollege.com/wp-content/uploads/2022/09/cropped-schoolLogo.jpg]
[royalpalmcollege.com/wp-content/uploads/2022/10/cropped-logo-royalpalm192.png]
[royalpalmcollege.com/comments/feed/index.html]
[royalpalmcollege.com/wp-content/plugins/click-to-chat-for-whatsapp/new/inc/assets/css/main70f0.css]
[royalpalmcollege.com/feed/index.html]
[royalpalmcollege.com/wp-includes/js/mediaelement/mediaelementplayer-legacy.min1f61.css]
[royalpalmcollege.com/wp-includes/js/mediaelement/wp-mediaelement.min9704.css]
[royalpalmcollege.com/wp-content/plugins/contact-form-7/includes/css/styles6a4d.css]
[royalpalmcollege.com/wp-content/plugins/paid-memberships-pro/css/frontend/base6765.css]
[royalpalmcollege.com/wp-content/plugins/paid-memberships-pro/css/frontend/variation_16765.css]
[royalpalmcollege.com/wp-content/plugins/paid-memberships-pro/css/select2.minf485.css]
[royalpalmcollege.com/wp-content/plugins/elementor/assets/lib/eicons/css/elementor-icons.min2778.css]
[royalpalmcollege.com/wp-content/plugins/elementor/assets/css/frontend.min94b7.css]
[royalpalmcollege.com/wp-content/uploads/2022/10/IMG-20201104-WA0004.jpg]
[royalpalmcollege.com/wp-content/uploads/2022/10/IMG-20201105-WA0031.jpg]
[royalpalmcollege.com/wp-content/plugins/thim-elementor-kit/build/frontend3ba1.css]
[royalpalmcollege.com/wp-content/plugins/thim-elementor-kit/build/widgets3ba1.css]
[royalpalmcollege.com/wp-content/plugins/elementor/assets/lib/swiper/v8/css/swiper.min94a4.css]
[royalpalmcollege.com/wp-content/plugins/elementor/assets/css/conditionals/e-swiper.min94b7.css]
[royalpalmcollege.com/wp-content/plugins/pwa-for-wp/assets/css/pwaforwp-main.min832c.css]
[royalpalmcollege.com/wp-content/plugins/learnpress/assets/css/widgets.min7350.css]
[royalpalmcollege.com/wp-content/themes/eduma/assets/css/all.min5243.css]
[royalpalmcollege.com/wp-content/themes/eduma/assets/css/v4-shims.min5243.css]
[royalpalmcollege.com/wp-content/plugins/thim-elementor-kit/build/libraries/thim-ekits/css/thim-ekits-icons.min3ba1.css]
[royalpalmcollege.com/wp-content/themes/eduma/style5243.css]
[eduma.thimpress.com/thim-2/wp-content/themes/eduma/images/patterns/pattern1.png]
[royalpalmcollege.com/wp-content/uploads/elementor/google-fonts/css/robotoslab28e7.css]
[royalpalmcollege.com/wp-includes/js/jquery/jquery-migrate.min5589.js]
[royalpalmcollege.com/wp-includes/js/jquery/jquery.minf43b.js]
[royalpalmcollege.com/wp-content/plugins/paid-memberships-pro/js/select2.minf485.js]
[royalpalmcollege.com/wp-content/plugins/learnpress/assets/js/dist/loadAJAX.min7350.js]
[royalpalmcollege.com/wp-json/index.html]
[royalpalmcollege.com/xmlrpc0db0.php]
[royalpalmcollege.com/wp-json/oembed/1.0/embed6f33.json]
[royalpalmcollege.com/wp-json/wp/v2/pages/4520.json]
[royalpalmcollege.com/wp-json/oembed/1.0/embed96cd]
[royalpalmcollege.com/wp-content/uploads/2022/09/cropped-logo-royalpalm-32x32.png]
[royalpalmcollege.com/wp-content/uploads/2022/09/cropped-logo-royalpalm-192x192.png]
[royalpalmcollege.com/wp-content/uploads/thim-fonts/roboto/KFOMCnqEu92Fr1ME7kSn66aGLdTylUAMQXC89YmC2DPNWubEbVmZiArmlw.woff2]
[royalpalmcollege.com/wp-content/uploads/thim-fonts/roboto/KFOMCnqEu92Fr1ME7kSn66aGLdTylUAMQXC89YmC2DPNWubEbVmQiArmlw.woff2]
[royalpalmcollege.com/wp-content/uploads/thim-fonts/roboto/KFOMCnqEu92Fr1ME7kSn66aGLdTylUAMQXC89YmC2DPNWubEbVmYiArmlw.woff2]
[royalpalmcollege.com/wp-content/uploads/thim-fonts/roboto/KFOMCnqEu92Fr1ME7kSn66aGLdTylUAMQXC89YmC2DPNWubEbVmXiArmlw.woff2]
[royalpalmcollege.com/wp-content/uploads/thim-fonts/roboto/KFOMCnqEu92Fr1ME7kSn66aGLdTylUAMQXC89YmC2DPNWubEbVnoiArmlw.woff2]
[royalpalmcollege.com/wp-content/uploads/thim-fonts/roboto/KFOMCnqEu92Fr1ME7kSn66aGLdTylUAMQXC89YmC2DPNWubEbVn6iArmlw.woff2]
[royalpalmcollege.com/wp-content/uploads/thim-fonts/roboto/KFOMCnqEu92Fr1ME7kSn66aGLdTylUAMQXC89YmC2DPNWubEbVmbiArmlw.woff2]
[royalpalmcollege.com/wp-content/uploads/thim-fonts/roboto/KFOMCnqEu92Fr1ME7kSn66aGLdTylUAMQXC89YmC2DPNWubEbVmaiArmlw.woff2]
[royalpalmcollege.com/wp-content/uploads/thim-fonts/roboto/KFOMCnqEu92Fr1ME7kSn66aGLdTylUAMQXC89YmC2DPNWubEbVmUiAo.woff2]
[royalpalmcollege.com/wp-content/uploads/thim-fonts/roboto-slab/BngMUXZYTXPIvIBgJJSb6ufA5qW54A.woff2]
[royalpalmcollege.com/wp-content/uploads/thim-fonts/roboto-slab/BngMUXZYTXPIvIBgJJSb6ufJ5qW54A.woff2]
[royalpalmcollege.com/wp-content/uploads/thim-fonts/roboto-slab/BngMUXZYTXPIvIBgJJSb6ufB5qW54A.woff2]
[royalpalmcollege.com/wp-content/uploads/thim-fonts/roboto-slab/BngMUXZYTXPIvIBgJJSb6ufO5qW54A.woff2]
[royalpalmcollege.com/wp-content/uploads/thim-fonts/roboto-slab/BngMUXZYTXPIvIBgJJSb6ufC5qW54A.woff2]
[royalpalmcollege.com/wp-content/uploads/thim-fonts/roboto-slab/BngMUXZYTXPIvIBgJJSb6ufD5qW54A.woff2]
[royalpalmcollege.com/wp-content/uploads/thim-fonts/roboto-slab/BngMUXZYTXPIvIBgJJSb6ufN5qU.woff2]
[royalpalmcollege.com/wp-admin/admin-ajax.37.delayed]
[royalpalmcollege.com/wp-content/uploads/2022/09/schoolLogo.jpg]
[royalpalmcollege.com/about-us/index.html]
[royalpalmcollege.com/elementor-10934/index.html]
[royalpalmcollege.com/our-nursery-primary-school-jamrah-academy/index.html]
[royalpalmcollege.com/blog/index.html]
[i0.wp.com/royalpalmcollege.com/wp-content/plugins/revslider/sr6/assets/assets/dummybe2f.png]
[royalpalmcollege.com/gallery/index.html]
[royalpalmcollege.com/contact/index.html]
[i0.wp.com/royalpalmcollege.com/wp-content/plugins/revslider/sr6/assets/assets/dummycd3a.png]
[i0.wp.com/royalpalmcollege.com/wp-content/uploads/2025/05/JAMB-SCORE-RICOaae5.jpg]
[royalpalmcollege.com/the-best-utme-results-in-the-history-of-this-great-school/index.html]
[royalpalmcollege.com/waec/index.html]
[i0.wp.com/royalpalmcollege.com/wp-content/uploads/2023/10/WhatsApp-Image-2023-10-03-at-20.57.37-2aae5.jpg]
[i0.wp.com/royalpalmcollege.com/wp-content/uploads/2023/10/IMG-20230911-WA0007aae5.jpg]
[royalpalmcollege.com/class-of-2023/index.html]
[i0.wp.com/royalpalmcollege.com/wp-content/uploads/2022/10/IMG-20210712-WA0013f8a2.jpg]
[royalpalmcollege.com/rico-entrepreneurship/index.html]
[i0.wp.com/royalpalmcollege.com/wp-content/uploads/2022/01/hair-stylingaae5.jpg]
[i0.wp.com/royalpalmcollege.com/wp-content/uploads/2022/10/enterpreneur3e60a.jpg]
[i0.wp.com/royalpalmcollege.com/wp-content/uploads/2022/10/sportatricoe60a.jpg]
[i0.wp.com/royalpalmcollege.com/wp-content/uploads/2022/10/hostele60a.jpg]
[royalpalmcollege.com/wp-content/uploads/2022/10/IMG-20201105-WA0053.jpg]
[royalpalmcollege.com/events/day-students-resume/index.html]
[royalpalmcollege.com/events/boarding-students-resume/index.html]
[i0.wp.com/royalpalmcollege.com/wp-content/uploads/2022/01/hair-styling125b.jpg]
[royalpalmcollege.com/events/index.html]
[i0.wp.com/royalpalmcollege.com/wp-content/uploads/2025/05/JAMB-SCORE-RICO125b.jpg]
[i0.wp.com/royalpalmcollege.com/wp-content/uploads/2022/01/IMG-20201105-WA0030125b.jpg]
[i0.wp.com/royalpalmcollege.com/wp-content/uploads/2022/01/IMG-20201105-WA0097aae5.jpg]
[i0.wp.com/royalpalmcollege.com/wp-content/uploads/2022/10/IMG-20201105-WA0089aae5.jpg]
[royalpalmcollege.com/online-learning-glossary/index.html]
[royalpalmcollege.com/sport-games/index.html]
[i0.wp.com/royalpalmcollege.com/wp-content/uploads/2022/01/DSC_6828aae5.jpg]
[royalpalmcollege.com/sick-bay/index.html]
[royalpalmcollege.com/library-facilities/index.html]
[royalpalmcollege.com/ict-facilities/index.html]
[i0.wp.com/royalpalmcollege.com/wp-content/uploads/2022/01/IMG-20200517-WA0007aae5.jpg]
[i0.wp.com/royalpalmcollege.com/wp-content/uploads/2022/10/DSC_6796aae5.jpg]
[royalpalmcollege.com/food-nutrition-laboratory/index.html]
[i0.wp.com/royalpalmcollege.com/wp-content/uploads/2022/10/IMG-20201104-WA0005aae5.jpg]
[i0.wp.com/royalpalmcollege.com/wp-content/uploads/2022/10/DSC_0542-1aae5.jpg]
[royalpalmcollege.com/explore-our-uniforms/index.html]
[i0.wp.com/royalpalmcollege.com/wp-content/uploads/2022/10/DSC_6782aae5.jpg]
[royalpalmcollege.com/facilities-2/index.html]
[royalpalmcollege.com/standard-science-laboratory/index.html]
[i0.wp.com/royalpalmcollege.com/wp-content/uploads/2022/09/DSC_0592-1465b.jpg]
[i0.wp.com/royalpalmcollege.com/wp-content/uploads/2022/09/DSC_5910-1465b.jpg]
[i0.wp.com/royalpalmcollege.com/wp-content/uploads/2022/09/SALIU-Jameela-1465b.jpg]
[i0.wp.com/royalpalmcollege.com/wp-content/uploads/2022/10/DSC_5903465b.jpg]
[i0.wp.com/royalpalmcollege.com/wp-content/uploads/2022/10/olarenwwaju465b.jpg]
[royalpalmcollege.com/wp-content/uploads/2022/09/cropped-logo-royalpalm-90x90.png]
[royalpalmcollege.com/wp-content/plugins/revslider/sr6/assets/fonts/revicons/revicons90c6.woff]
[royalpalmcollege.com/wp-content/plugins/elementor/assets/css/widget-heading.min94b7.css]
[royalpalmcollege.com/wp-content/plugins/revslider/sr6/assets/css/rs67a28.css]
[royalpalmcollege.com/wp-content/plugins/click-to-chat-for-whatsapp/new/inc/assets/js/app70f0.js]
[royalpalmcollege.com/wp-includes/js/dist/hooks.min4fdd.js]
[royalpalmcollege.com/wp-includes/js/dist/i18n.minc33c.js]
[royalpalmcollege.com/wp-content/plugins/contact-form-7/includes/swv/js/index6a4d.js]
[royalpalmcollege.com/wp-content/plugins/contact-form-7/includes/js/index6a4d.js]
[royalpalmcollege.com/wp-content/plugins/revslider/sr6/assets/js/rbtools.mind70e.js]
[royalpalmcollege.com/wp-content/plugins/revslider/sr6/assets/js/rs6.min7a28.js]
[widgetlogic.org/v2/js/dataf400.js]
[royalpalmcollege.com/wp-includes/js/jquery/ui/core.minb37e.js]
[royalpalmcollege.com/wp-includes/js/underscore.min3ab8.js]
[royalpalmcollege.com/wp-includes/js/wp-util.min9704.js]
[royalpalmcollege.com/wp-includes/js/backbone.minaff7.js]
[royalpalmcollege.com/wp-content/plugins/bluehost-wordpress-plugin/vendor/newfold-labs/wp-module-performance/build/assets/link-prefetch.min8686.js]
[royalpalmcollege.com/wp-content/plugins/elementor/assets/js/webpack.runtime.min94b7.js]
[royalpalmcollege.com/wp-content/plugins/elementor/assets/js/frontend-modules.min94b7.js]
[royalpalmcollege.com/wp-content/plugins/elementor/assets/js/frontend.min94b7.js]
[royalpalmcollege.com/wp-content/plugins/pwa-for-wp/assets/js/pwaforwp.min832c.js]
[royalpalmcollege.com/wp-content/plugins/pwa-for-wp/assets/js/pwaforwp-video.min832c.js]
[royalpalmcollege.com/wp-content/plugins/pwa-for-wp/assets/js/pwaforwp-download.min832c.js]
[royalpalmcollege.com/pwa-register-sw832c.js]
[stats.wp.com/e-202536.js]
[royalpalmcollege.com/wp-includes/js/imagesloaded.minbb93.js]
[royalpalmcollege.com/wp-content/themes/eduma/assets/js/main.min5243.js]
[royalpalmcollege.com/wp-content/themes/eduma/assets/js/thim-scripts.min5243.js]
[royalpalmcollege.com/wp-content/themes/eduma/assets/js/jquery.magnific-popup.min5243.js]
[royalpalmcollege.com/wp-content/themes/eduma/assets/js/jquery.waypoints.min5243.js]
[royalpalmcollege.com/wp-content/themes/eduma/assets/js/jquery.countTo.min5243.js]
[royalpalmcollege.com/wp-content/plugins/elementor/assets/lib/swiper/v8/swiper.min94a4.js]
[royalpalmcollege.com/wp-content/plugins/thim-elementor-kit/build/frontend3ba1.js]
[royalpalmcollege.com/wp-includes/js/dist/vendor/wp-polyfill.min2c7c.js]
[royalpalmcollege.com/wp-includes/js/dist/url.min9481.js]
[royalpalmcollege.com/wp-includes/js/dist/api-fetch.min53e9.js]
[royalpalmcollege.com/wp-admin/admin-ajaxf809.php]
[royalpalmcollege.com/index.html]
[royalpalmcollege.com/xmlrpc.php]
[royalpalmcollege.com/wp-content/plugins/click-to-chat-for-whatsapp/new/inc/assets/css/main70f0.css]
[royalpalmcollege.com/wp-content/plugins/thim-elementor-kit/build/widgets3662.js]
[royalpalmcollege.com/wp-includes/js/mediaelement/mediaelementplayer-legacy.min1f61.css]
[royalpalmcollege.com/wp-includes/js/mediaelement/wp-mediaelement.min9704.css]
[royalpalmcollege.com/wp-content/plugins/widget-logic/block_widget/css/widget1e64.css]
[royalpalmcollege.com/wp-content/plugins/contact-form-7/includes/css/styles6a4d.css]
[royalpalmcollege.com/wp-includes/js/mediaelement/mejs-controls.svg]
[royalpalmcollege.com/wp-content/plugins/paid-memberships-pro/css/frontend/base6765.css]
[royalpalmcollege.com/wp-content/plugins/paid-memberships-pro/css/frontend/variation_16765.css]
[royalpalmcollege.com/wp-content/plugins/paid-memberships-pro/css/select2.minf485.css]
[royalpalmcollege.com/wp-content/plugins/paid-memberships-pro/images/paypal-color.svg]
[royalpalmcollege.com/wp-content/plugins/elementor/assets/lib/eicons/fonts/eicons4518.woff2]
[royalpalmcollege.com/wp-content/plugins/elementor/assets/lib/eicons/fonts/eicons4518.eot]
[royalpalmcollege.com/wp-content/plugins/elementor/assets/lib/eicons/fonts/eicons4518.woff]
[royalpalmcollege.com/wp-content/plugins/elementor/assets/lib/eicons/css/elementor-icons.min2778.css]
[royalpalmcollege.com/wp-content/plugins/elementor/assets/css/frontend.min94b7.css]
[royalpalmcollege.com/wp-content/plugins/thim-elementor-kit/build/frontend3ba1.css]
[royalpalmcollege.com/wp-content/plugins/thim-elementor-kit/build/widgets3ba1.css]
[royalpalmcollege.com/wp-content/plugins/elementor/assets/lib/swiper/v8/css/swiper.min94a4.css]
[royalpalmcollege.com/wp-content/plugins/elementor/assets/css/conditionals/e-swiper.min94b7.css]
[royalpalmcollege.com/wp-content/plugins/pwa-for-wp/assets/css/pwaforwp-main.min832c.css]
[royalpalmcollege.com/wp-content/plugins/elementor/assets/lib/eicons/fonts/eicons4518.ttf]
[royalpalmcollege.com/wp-content/plugins/elementor/assets/lib/eicons/fonts/eicons4518.svg]
[royalpalmcollege.com/wp-content/plugins/learnpress/assets/src/css/vendor/fonts/lp-icon/lp-iconce2b.woff2]
[royalpalmcollege.com/wp-content/plugins/learnpress/assets/css/widgets.min7350.css]
[royalpalmcollege.com/wp-content/themes/eduma/assets/fonts/awesome-5x/fa-brands-400.woff2]
[royalpalmcollege.com/wp-content/themes/eduma/assets/fonts/awesome-5x/fa-brands-400.woff]
[royalpalmcollege.com/wp-content/themes/eduma/assets/fonts/awesome-5x/fa-brands-400.ttf]
[royalpalmcollege.com/wp-content/themes/eduma/assets/fonts/awesome-5x/fa-regular-400.woff2]
[royalpalmcollege.com/wp-content/themes/eduma/assets/fonts/awesome-5x/fa-regular-400.woff]
[royalpalmcollege.com/wp-content/themes/eduma/assets/fonts/awesome-5x/fa-regular-400.ttf]
[royalpalmcollege.com/wp-content/themes/eduma/assets/fonts/awesome-5x/fa-solid-900.woff2]
[royalpalmcollege.com/wp-content/themes/eduma/assets/fonts/awesome-5x/fa-solid-900.woff]
[royalpalmcollege.com/wp-content/themes/eduma/assets/css/all.min5243.css]
[royalpalmcollege.com/wp-content/themes/eduma/assets/css/v4-shims.min5243.css]
[royalpalmcollege.com/wp-content/themes/eduma/assets/fonts/awesome-5x/fa-solid-900.ttf]
[royalpalmcollege.com/wp-content/plugins/thim-elementor-kit/build/libraries/thim-ekits/fonts/thim-ekits.woff2]
[royalpalmcollege.com/wp-content/plugins/thim-elementor-kit/build/libraries/thim-ekits/css/thim-ekits-icons.min3ba1.css]
[royalpalmcollege.com/wp-content/themes/eduma/images/bg_pattem.jpg]
[royalpalmcollege.com/wp-content/themes/eduma/images/bg_slider_edtech.png]
[royalpalmcollege.com/wp-content/themes/eduma/images/mb-basic.png]
[royalpalmcollege.com/wp-content/themes/eduma/images/mb-medium.png]
[royalpalmcollege.com/wp-content/themes/eduma/images/mb-advance.png]
[royalpalmcollege.com/wp-content/themes/eduma/images/pricing-featured.png]
[royalpalmcollege.com/wp-content/themes/eduma/style5243.css]
[royalpalmcollege.com/wp-content/uploads/elementor/google-fonts/css/robotoslab28e7.css]
[royalpalmcollege.com/wp-includes/js/jquery/jquery.minf43b.js]
[royalpalmcollege.com/wp-includes/js/jquery/jquery-migrate.min5589.js]
[royalpalmcollege.com/wp-content/plugins/paid-memberships-pro/js/select2.minf485.js]
[royalpalmcollege.com/wp-content/plugins/learnpress/assets/js/dist/loadAJAX.min7350.js]
[royalpalmcollege.com/wp-admin/admin-ajax.html]
[royalpalmcollege.com/about-the-college/index.html]
[i0.wp.com/royalpalmcollege.com/wp-content/uploads/2022/10/IMG-20201105-WA0025171a.jpg]
[i0.wp.com/royalpalmcollege.com/wp-content/uploads/2022/10/IMG-20201105-WA001781e6.jpg]
[i0.wp.com/royalpalmcollege.com/wp-content/uploads/2022/10/IMG-20201105-WA00423a73.jpg]
[royalpalmcollege.com/about-us/index.html]
[i0.wp.com/royalpalmcollege.com/wp-content/uploads/2022/10/PROPRIETOR9ac6.jpg]
[i0.wp.com/royalpalmcollege.com/wp-content/uploads/2022/10/HAJIA-SALIU-AISHA.-Proprietress-ROYALPALM-INTERNATIONAL-COLLEGE9ac6.jpg]
[i0.wp.com/royalpalmcollege.com/wp-content/uploads/2022/10/ABDULLAHI-Adam.-GENERAL-MANAGER9ac6.jpg]
[i0.wp.com/royalpalmcollege.com/wp-content/uploads/2022/10/ADEOYE-Olatunbosun.-HOD-SOCIAL-SCIENCE9ac6.jpg]
[i0.wp.com/royalpalmcollege.com/wp-content/uploads/2025/02/WhatsApp-Image-2025-02-07-at-10.57.176789.jpg]
[i0.wp.com/royalpalmcollege.com/wp-content/uploads/2025/02/WhatsApp-Image-2025-02-07-at-10.30.346789.jpg]
[i0.wp.com/royalpalmcollege.com/wp-content/uploads/2025/02/royal1403a.jpg]
[i0.wp.com/royalpalmcollege.com/wp-content/uploads/2025/02/royal3403a.jpg]
[i0.wp.com/royalpalmcollege.com/wp-content/uploads/2022/10/ALABI-Kehinde-AGM-FINANCE9ac6.jpg]
[i0.wp.com/royalpalmcollege.com/wp-content/uploads/2022/10/vincent6779.jpg]
[i0.wp.com/royalpalmcollege.com/wp-content/uploads/2025/02/WhatsApp-Image-2025-02-07-at-10.58.008a3a.jpg]
[i0.wp.com/royalpalmcollege.com/wp-content/uploads/2025/02/secretary6789.jpg]
[i0.wp.com/royalpalmcollege.com/wp-content/uploads/2022/10/ADEYEMI-Tosin-AGM-LOGISTICS9ac6.jpg]
[i0.wp.com/royalpalmcollege.com/wp-content/uploads/2022/10/ORIOLA-Tosin-COLLEGE-MATRON9ac6.jpg]
[i0.wp.com/royalpalmcollege.com/wp-content/uploads/2022/10/ZAKARIYAWU-Haruna.-MAINTENANCE-CSO9ac6.jpg]
[royalpalmcollege.com/elementor-10934/index.html]
[royalpalmcollege.com/our-nursery-primary-school-jamrah-academy/index.html]
[royalpalmcollege.com/blog/page/2/index.html]
[royalpalmcollege.com/category/articles/index.html]
[royalpalmcollege.com/blog/index.html]
[i0.wp.com/royalpalmcollege.com/wp-content/uploads/2023/10/WhatsApp-Image-2023-10-03-at-20.57.37-233f9.jpg]
[i0.wp.com/royalpalmcollege.com/wp-content/uploads/2023/10/IMG-20230911-WA000733f9.jpg]
[i0.wp.com/royalpalmcollege.com/wp-content/uploads/2022/10/IMG-20210712-WA00138191.jpg]
[i0.wp.com/royalpalmcollege.com/wp-content/uploads/2022/10/DSC_678233f9.jpg]
[i0.wp.com/royalpalmcollege.com/wp-content/uploads/2022/10/DSC_679633f9.jpg]
[i0.wp.com/royalpalmcollege.com/wp-content/uploads/2022/01/IMG-20201105-WA009733f9.jpg]
[i0.wp.com/royalpalmcollege.com/wp-content/uploads/2022/01/DSC_682833f9.jpg]
[i0.wp.com/royalpalmcollege.com/wp-content/uploads/2022/01/IMG-20201105-WA008333f9.jpg]
[i0.wp.com/royalpalmcollege.com/wp-content/uploads/2022/01/IMG-20201105-WA010633f9.jpg]
[i0.wp.com/royalpalmcollege.com/wp-content/uploads/2022/01/IMG-20200517-WA000733f9.jpg]
[i0.wp.com/royalpalmcollege.com/wp-content/uploads/2022/10/IMG-20201105-WA008933f9.jpg]
[i0.wp.com/royalpalmcollege.com/wp-content/uploads/2022/10/IMG-20201105-WA003733f9.jpg]
[royalpalmcollege.com/gallery/index.html]
[royalpalmcollege.com/contact/index.html]
[i0.wp.com/royalpalmcollege.com/wp-content/uploads/2025/05/JAMB-SCORE-RICO-19434.jpg]
[royalpalmcollege.com/the-best-utme-results-in-the-history-of-this-great-school/index.html]
[royalpalmcollege.com/waec/index.html]
[royalpalmcollege.com/class-of-2023/index.html]
[royalpalmcollege.com/rico-entrepreneurship/index.html]
[royalpalmcollege.com/events/day-students-resume/index.html]
[royalpalmcollege.com/events/boarding-students-resume/index.html]
[royalpalmcollege.com/events/index.html]
[royalpalmcollege.com/online-learning-glossary/index.html]
[royalpalmcollege.com/sport-games/index.html]
[royalpalmcollege.com/sick-bay/index.html]
[widgetlogic.org/v2/js/dataaf94.js]
[royalpalmcollege.com/wp-content/uploads/2022/01/DSC_6828.jpg]
[i0.wp.com/royalpalmcollege.com/wp-content/uploads/2022/10/DSC_6829f671.jpg]
[i0.wp.com/royalpalmcollege.com/wp-content/uploads/2022/10/DSC_6838f671.jpg]
[i0.wp.com/royalpalmcollege.com/wp-content/uploads/2022/10/DSC_6841f671.jpg]
[i0.wp.com/royalpalmcollege.com/wp-content/uploads/2022/10/DSC_6842f671.jpg]
[i0.wp.com/royalpalmcollege.com/wp-content/uploads/2022/10/DSC_6846f671.jpg]
[royalpalmcollege.com/library-facilities/index.html]
[royalpalmcollege.com/boarding-facilities/index.html]
[royalpalmcollege.com/ict-facilities/index.html]
[royalpalmcollege.com/food-nutrition-laboratory/index.html]
[royalpalmcollege.com/wp-content/uploads/2022/10/IMG-20201104-WA0005.jpg]
[royalpalmcollege.com/wp-content/uploads/2022/10/IMG-20201105-WA0089.jpg]
[royalpalmcollege.com/facilities-2/index.html]
[i0.wp.com/royalpalmcollege.com/wp-content/uploads/2022/10/DSC_0520-18eee.jpg]
[i0.wp.com/royalpalmcollege.com/wp-content/uploads/2022/10/DSC_0529-117f2.jpg]
[i0.wp.com/royalpalmcollege.com/wp-content/uploads/2022/10/DSC_0548-117f2.jpg]
[i0.wp.com/royalpalmcollege.com/wp-content/uploads/2022/10/DSC_0556-117f2.jpg]
[i0.wp.com/royalpalmcollege.com/wp-content/uploads/2022/10/DSC_0571-117f2.jpg]
[i0.wp.com/royalpalmcollege.com/wp-content/uploads/2022/10/DSC_0582-117f2.jpg]
[i0.wp.com/royalpalmcollege.com/wp-content/uploads/2022/10/DSC_0588-117f2.jpg]
[i0.wp.com/royalpalmcollege.com/wp-content/uploads/2022/10/DSC_0505-1e809.jpg]
[i0.wp.com/royalpalmcollege.com/wp-content/uploads/2022/10/DSC_0509-117f2.jpg]
[royalpalmcollege.com/explore-our-uniforms/index.html]
[royalpalmcollege.com/standard-science-laboratory/index.html]
[royalpalmcollege.com/wp-content/plugins/elementor/assets/css/widget-image.min94b7.css]
[royalpalmcollege.com/wp-content/plugins/elementor/assets/css/widget-heading.min94b7.css]
[royalpalmcollege.com/tag/standard-science-laboratory/index.html]
[royalpalmcollege.com/wp-content/plugins/revslider/sr6/assets/css/rs67a28.css]
[royalpalmcollege.com/wp-content/plugins/click-to-chat-for-whatsapp/new/inc/assets/js/app70f0.js]
[royalpalmcollege.com/wp-includes/js/dist/hooks.min4fdd.js]
[royalpalmcollege.com/wp-includes/js/dist/i18n.minc33c.js]
[royalpalmcollege.com/wp-content/plugins/contact-form-7/includes/swv/js/index6a4d.js]
[royalpalmcollege.com/wp-content/plugins/contact-form-7/includes/js/index6a4d.js]
[royalpalmcollege.com/wp-content/plugins/revslider/sr6/assets/js/rbtools.mind70e.js]
[royalpalmcollege.com/wp-content/plugins/revslider/sr6/assets/js/rs6.min7a28.js]
[royalpalmcollege.com/wp-includes/js/jquery/ui/core.minb37e.js]
[royalpalmcollege.com/wp-includes/js/underscore.min3ab8.js]
[royalpalmcollege.com/wp-includes/js/wp-util.min9704.js]
[royalpalmcollege.com/wp-includes/js/backbone.minaff7.js]
[royalpalmcollege.com/wp-content/plugins/bluehost-wordpress-plugin/vendor/newfold-labs/wp-module-performance/build/assets/link-prefetch.min8686.js]
[royalpalmcollege.com/wp-content/plugins/elementor/assets/js/webpack.runtime.min94b7.js]
[royalpalmcollege.com/wp-content/plugins/elementor/assets/js/frontend-modules.min94b7.js]
[royalpalmcollege.com/wp-content/plugins/elementor/assets/js/frontend.min94b7.js]
[player.vimeo.com/api/player.js]
[royalpalmcollege.com/wp-content/plugins/pwa-for-wp/assets/js/pwaforwp.min832c.js]
[royalpalmcollege.com/wp-content/plugins/pwa-for-wp/assets/js/pwaforwp-video.min832c.js]
[royalpalmcollege.com/wp-content/plugins/pwa-for-wp/assets/js/pwaforwp-download.min832c.js]
[royalpalmcollege.com/pwa-register-sw832c.html]
[royalpalmcollege.com/wp-includes/js/imagesloaded.minbb93.js]
[royalpalmcollege.com/wp-content/themes/eduma/assets/js/main.min5243.js]
[royalpalmcollege.com/wp-content/themes/eduma/assets/js/thim-scripts.min5243.js]
[royalpalmcollege.com/wp-content/themes/eduma/assets/js/jquery.magnific-popup.min5243.js]
[royalpalmcollege.com/wp-content/themes/eduma/assets/js/jquery.waypoints.min5243.js]
[royalpalmcollege.com/wp-content/themes/eduma/assets/js/jquery.countTo.min5243.js]
[royalpalmcollege.com/wp-content/plugins/elementor/assets/lib/swiper/v8/swiper.min94a4.js]
[royalpalmcollege.com/wp-content/plugins/thim-elementor-kit/build/frontend3ba1.js]
[royalpalmcollege.com/wp-includes/js/dist/vendor/wp-polyfill.min2c7c.js]
[royalpalmcollege.com/wp-includes/js/dist/url.min9481.js]
[royalpalmcollege.com/wp-includes/js/dist/api-fetch.min53e9.js]
[royalpalmcollege.com/wp-admin/admin-ajaxf809.html]
[royalpalmcollege.com/wp-content/plugins/thim-elementor-kit/build/widgets3662.js]
[royalpalmcollege.com/wp-includes/js/mediaelement/mejs-controls.svg]
[royalpalmcollege.com/wp-content/plugins/paid-memberships-pro/images/paypal-color.svg]
[royalpalmcollege.com/wp-content/plugins/elementor/assets/lib/eicons/fonts/eicons4518.svg]
[royalpalmcollege.com/wp-content/themes/eduma/images/newletter-bg.html]
[royalpalmcollege.com/wp-content/themes/eduma/images/bg_song2.html]
[royalpalmcollege.com/wp-content/themes/eduma/images/icon-title-active.html]
[royalpalmcollege.com/wp-content/themes/eduma/images/bg_icon.html]
[royalpalmcollege.com/wp-content/themes/eduma/images/imac-bg.html]
[royalpalmcollege.com/wp-content/themes/eduma/images/quote-bg.html]
[royalpalmcollege.com/wp-content/uploads/elementor/google-fonts/fonts/robotoslab-bngmuxzytxpivibgjjsb6ufa5qw54a.html]
[royalpalmcollege.com/wp-content/uploads/elementor/google-fonts/fonts/robotoslab-bngmuxzytxpivibgjjsb6ufj5qw54a.html]
[royalpalmcollege.com/wp-content/uploads/elementor/google-fonts/fonts/robotoslab-bngmuxzytxpivibgjjsb6ufb5qw54a.html]
[royalpalmcollege.com/wp-content/uploads/elementor/google-fonts/fonts/robotoslab-bngmuxzytxpivibgjjsb6ufo5qw54a.html]
[royalpalmcollege.com/wp-content/uploads/elementor/google-fonts/fonts/robotoslab-bngmuxzytxpivibgjjsb6ufc5qw54a.html]
[royalpalmcollege.com/wp-content/uploads/elementor/google-fonts/fonts/robotoslab-bngmuxzytxpivibgjjsb6ufd5qw54a.html]
[royalpalmcollege.com/wp-content/uploads/elementor/google-fonts/fonts/robotoslab-bngmuxzytxpivibgjjsb6ufn5qu.html]
[royalpalmcollege.com/e.html]
[royalpalmcollege.com/wp-json/wp/v2/pages/2901.html]
[royalpalmcollege.com/index0d26.html]
[royalpalmcollege.com/wp-json/oembed/1.0/embed2d0d.html]
[royalpalmcollege.com/wp-json/oembed/1.0/embed384e.html]
[royalpalmcollege.com/about-the-college/index.html]
[royalpalmcollege.com/wp-content/plugins/elementor/assets/css/widget-spacer.min94b7.html]
[royalpalmcollege.com/wp-json/wp/v2/pages/10934.html]
[royalpalmcollege.com/index7d1f.html]
[royalpalmcollege.com/wp-json/oembed/1.0/embedbab3.html]
[royalpalmcollege.com/wp-json/oembed/1.0/embed3dee.html]
[royalpalmcollege.com/wp-includes/css/dist/block-library/style.min9704.html]
[royalpalmcollege.com/wp-json/wp/v2/posts/11037.html]
[royalpalmcollege.com/index9d8b.html]
[royalpalmcollege.com/wp-json/oembed/1.0/embedb74f.html]
[royalpalmcollege.com/wp-json/oembed/1.0/embed9ae1.html]
[royalpalmcollege.com/category/gallery/index.html]
[royalpalmcollege.com/wp-content/uploads/2022/10/IMG-20210712-WA0020.html]
[royalpalmcollege.com/wp-content/uploads/2022/10/IMG-20210712-WA0019.html]
[royalpalmcollege.com/wp-content/uploads/2022/10/IMG-20210712-WA0031.html]
[royalpalmcollege.com/wp-content/uploads/2022/10/IMG-20210712-WA0033.html]
[royalpalmcollege.com/wp-content/uploads/2022/10/IMG-20210712-WA0015.html]
[royalpalmcollege.com/wp-content/uploads/2022/10/IMG-20210712-WA0027.html]
[royalpalmcollege.com/wp-content/uploads/2022/10/IMG-20210712-WA0034.html]
[royalpalmcollege.com/wp-content/uploads/2022/10/IMG-20210712-WA0007.html]
[royalpalmcollege.com/wp-content/uploads/2022/10/IMG-20210712-WA0023.html]
[royalpalmcollege.com/wp-content/uploads/2022/10/IMG-20210712-WA0013.html]
[royalpalmcollege.com/author/rico/index.html]
[royalpalmcollege.com/category/primary-school/index.html]
[pinterest.com/pin/create/button/indexfc19.html]
[royalpalmcollege.com/wp-content/uploads/2023/10/WhatsApp-Image-2023-10-03-at-20.57.37-2-300x200.html]
[royalpalmcollege.com/wp-content/uploads/2023/10/IMG-20230911-WA0007-300x200.html]
[royalpalmcollege.com/wp-content/uploads/2022/10/DSC_6782-300x200.html]
[royalpalmcollege.com/wp-content/themes/eduma/assets/js/jquery.flexslider-min5243.html]
[royalpalmcollege.com/wp-content/uploads/2022/01/IMG-20201105-WA0106.jpg]
[royalpalmcollege.com/wp-content/uploads/2022/10/IMG-20201105-WA0037.jpg]
[royalpalmcollege.com/blog/page/2/index.html]
[royalpalmcollege.com/wp-content/uploads/2025/05/JAMB-SCORE-RICO.html]
[royalpalmcollege.com/author/tosinhndkp/index.html]
[royalpalmcollege.com/category/articles/index.html]
[royalpalmcollege.com/category/blog/index.html]
[royalpalmcollege.com/wp-content/uploads/2023/10/WhatsApp-Image-2023-10-03-at-20.57.30-3.html]
[royalpalmcollege.com/wp-content/uploads/2023/10/WhatsApp-Image-2023-10-03-at-20.57.30-2.html]
[royalpalmcollege.com/wp-content/uploads/2023/10/WhatsApp-Image-2023-10-03-at-20.57.30-1.html]
[royalpalmcollege.com/wp-content/uploads/2023/10/WhatsApp-Image-2023-10-03-at-20.57.32.html]
[royalpalmcollege.com/wp-content/uploads/2023/10/WhatsApp-Image-2023-10-03-at-20.57.32-3.html]
[royalpalmcollege.com/wp-content/uploads/2023/10/WhatsApp-Image-2023-10-03-at-20.57.32-2.html]
[royalpalmcollege.com/wp-content/uploads/2023/10/WhatsApp-Image-2023-10-03-at-20.57.32-1.html]
[royalpalmcollege.com/wp-content/uploads/2023/10/WhatsApp-Image-2023-10-03-at-20.57.31.html]
[royalpalmcollege.com/wp-content/uploads/2023/10/WhatsApp-Image-2023-10-03-at-20.57.31-2.html]
[royalpalmcollege.com/wp-content/uploads/2023/10/WhatsApp-Image-2023-10-03-at-20.57.30.html]
[royalpalmcollege.com/wp-content/uploads/2023/10/WhatsApp-Image-2023-10-03-at-20.57.31-1.html]
[royalpalmcollege.com/wp-content/uploads/2023/10/WhatsApp-Image-2023-10-03-at-20.57.33.html]
[royalpalmcollege.com/wp-content/uploads/2023/10/WhatsApp-Image-2023-10-03-at-20.57.34-1.html]
[royalpalmcollege.com/wp-content/uploads/2023/10/WhatsApp-Image-2023-10-03-at-20.57.34-2.html]
[royalpalmcollege.com/wp-content/uploads/2023/10/WhatsApp-Image-2023-10-03-at-20.57.34-3.html]
[royalpalmcollege.com/wp-content/uploads/2023/10/WhatsApp-Image-2023-10-03-at-20.57.34.html]
[royalpalmcollege.com/wp-content/uploads/2023/10/WhatsApp-Image-2023-10-03-at-20.57.35-1.html]
[royalpalmcollege.com/wp-content/uploads/2023/10/WhatsApp-Image-2023-10-03-at-20.57.35-2.html]
[royalpalmcollege.com/wp-content/uploads/2023/10/WhatsApp-Image-2023-10-03-at-20.57.35-3.html]
[royalpalmcollege.com/wp-content/uploads/2023/10/WhatsApp-Image-2023-10-03-at-20.57.37.html]
[royalpalmcollege.com/wp-content/uploads/2023/10/WhatsApp-Image-2023-10-03-at-20.57.37-1.html]
[royalpalmcollege.com/wp-content/uploads/2023/10/WhatsApp-Image-2023-10-03-at-20.57.36.html]
[royalpalmcollege.com/wp-content/uploads/2023/10/WhatsApp-Image-2023-10-03-at-20.57.36-3.html]
[royalpalmcollege.com/wp-content/uploads/2023/10/WhatsApp-Image-2023-10-03-at-20.57.36-2.html]
[royalpalmcollege.com/wp-content/uploads/2023/10/WhatsApp-Image-2023-10-03-at-20.57.36-1.html]
[royalpalmcollege.com/category/results/index.html]
[royalpalmcollege.com/wp-content/uploads/2023/10/IMG-20230911-WA0018.html]
[royalpalmcollege.com/wp-content/uploads/2023/10/IMG-20230911-WA0019.html]
[royalpalmcollege.com/wp-content/uploads/2023/10/IMG-20230911-WA0017.html]
[royalpalmcollege.com/wp-content/uploads/2023/10/IMG-20230911-WA0016.html]
[royalpalmcollege.com/wp-content/uploads/2023/10/IMG-20230911-WA0015.html]
[royalpalmcollege.com/wp-content/uploads/2023/10/IMG-20230911-WA0014.html]
[royalpalmcollege.com/wp-content/uploads/2023/10/IMG-20230911-WA0013.html]
[royalpalmcollege.com/wp-content/uploads/2023/10/IMG-20230911-WA0012.html]
[royalpalmcollege.com/wp-content/uploads/2023/10/IMG-20230911-WA0011.html]
[royalpalmcollege.com/wp-content/uploads/2023/10/IMG-20230911-WA0010.html]
[royalpalmcollege.com/wp-content/uploads/2023/10/IMG-20230911-WA0009.html]
[royalpalmcollege.com/wp-content/uploads/2023/10/IMG-20230911-WA0008.html]
[royalpalmcollege.com/wp-content/uploads/2023/10/IMG-20230911-WA0007.html]
[royalpalmcollege.com/wp-content/uploads/2023/10/IMG-20230910-WA0027.html]
[royalpalmcollege.com/wp-content/uploads/2023/10/IMG-20230910-WA0028.html]
[royalpalmcollege.com/wp-content/uploads/2023/10/IMG-20230911-WA0001.html]
[royalpalmcollege.com/wp-content/uploads/2023/10/IMG-20230911-WA0002.html]
[royalpalmcollege.com/wp-content/uploads/2023/10/IMG-20230911-WA0003.html]
[royalpalmcollege.com/wp-content/uploads/2023/10/IMG-20230911-WA0004.html]
[royalpalmcollege.com/wp-content/uploads/2023/10/IMG-20230911-WA0005.html]
[royalpalmcollege.com/wp-content/uploads/2023/10/IMG-20230911-WA0006.html]
[royalpalmcollege.com/wp-content/uploads/2023/10/IMG-20230910-WA0026.html]
[royalpalmcollege.com/wp-content/uploads/2023/10/IMG-20230910-WA0025.html]
[royalpalmcollege.com/wp-content/uploads/2023/10/IMG-20230910-WA0024.html]
[royalpalmcollege.com/wp-content/uploads/2023/10/IMG-20230910-WA0023.html]
[royalpalmcollege.com/wp-content/uploads/2023/10/IMG-20230910-WA0022.html]
[royalpalmcollege.com/wp-content/uploads/2023/10/IMG-20230910-WA0021.html]
[royalpalmcollege.com/wp-content/uploads/2023/10/IMG-20230910-WA0020.html]
[royalpalmcollege.com/wp-content/uploads/2023/10/IMG-20230910-WA0019.html]
[royalpalmcollege.com/wp-content/uploads/2023/10/IMG-20230910-WA0011.html]
[royalpalmcollege.com/wp-content/uploads/2023/10/IMG-20230910-WA0012.html]
[royalpalmcollege.com/wp-content/uploads/2023/10/IMG-20230910-WA0013.html]
[royalpalmcollege.com/wp-content/uploads/2023/10/IMG-20230910-WA0014.html]
[royalpalmcollege.com/wp-content/uploads/2023/10/IMG-20230910-WA0015.html]
[royalpalmcollege.com/wp-content/uploads/2023/10/IMG-20230910-WA0016.html]
[royalpalmcollege.com/wp-content/uploads/2023/10/IMG-20230910-WA0017.html]
[royalpalmcollege.com/wp-content/uploads/2023/10/IMG-20230910-WA0018.html]
[royalpalmcollege.com/wp-content/uploads/2023/10/IMG-20230910-WA0010.html]
[royalpalmcollege.com/wp-content/uploads/2023/10/IMG-20230910-WA0009.html]
[royalpalmcollege.com/wp-content/uploads/2023/10/IMG-20230910-WA0008.html]
[royalpalmcollege.com/category/graduation/index.html]
[royalpalmcollege.com/wp-content/uploads/2022/01/sewing.html]
[royalpalmcollege.com/wp-content/uploads/2022/01/shoemaking2.html]
[royalpalmcollege.com/wp-content/uploads/2022/01/shoe-making1.html]
[royalpalmcollege.com/wp-content/uploads/2022/10/enterpreneur.html]
[royalpalmcollege.com/category/activities/index.html]
[royalpalmcollege.com/wp-content/uploads/2022/01/IMG-20201105-WA0030.html]
[royalpalmcollege.com/why-learning-french-is-important/index.html]
[royalpalmcollege.com/wp-content/uploads/2022/01/DSC_6829.html]
[royalpalmcollege.com/wp-content/uploads/2022/10/DSC_6766.html]
[royalpalmcollege.com/wp-content/uploads/2022/10/DSC_6769.html]
[royalpalmcollege.com/wp-content/uploads/2022/10/DSC_6774.html]
[royalpalmcollege.com/wp-content/uploads/2022/10/DSC_6786.html]
[royalpalmcollege.com/category/lab/index.html]
[royalpalmcollege.com/wp-content/uploads/2022/10/DSC_6790.html]
[royalpalmcollege.com/wp-content/uploads/2022/10/DSC_6795.html]
[royalpalmcollege.com/wp-content/uploads/2022/10/DSC_6796-1.html]
[royalpalmcollege.com/wp-content/uploads/2022/10/DSC_6801.html]
[royalpalmcollege.com/wp-content/uploads/2022/01/PHOTO-2022-10-01-18-28-58.html]
[royalpalmcollege.com/wp-content/uploads/2022/01/PHOTO-2022-10-01-18-28-57-1.html]
[royalpalmcollege.com/wp-content/uploads/2022/01/PHOTO-2022-10-01-18-28-57.html]
[royalpalmcollege.com/wp-content/uploads/2022/10/sportatrico.html]
[royalpalmcollege.com/wp-content/uploads/2022/01/IMG-20201105-WA0010.html]
[royalpalmcollege.com/wp-content/uploads/2022/01/IMG-20201105-WA0020.html]
[royalpalmcollege.com/wp-content/uploads/2022/01/IMG-20201105-WA0027.html]
[royalpalmcollege.com/wp-content/uploads/2022/01/IMG-20201105-WA0044.html]
[royalpalmcollege.com/wp-content/uploads/2022/01/IMG-20201105-WA0045.html]
[royalpalmcollege.com/wp-content/uploads/2022/01/IMG-20201105-WA0046.html]
[royalpalmcollege.com/wp-content/uploads/2022/01/IMG-20201105-WA0054.html]
[royalpalmcollege.com/wp-content/uploads/2022/01/IMG-20201105-WA0095.html]
[royalpalmcollege.com/wp-content/uploads/2022/01/IMG-20201105-WA0096.html]
[royalpalmcollege.com/wp-content/uploads/2022/01/IMG-20201105-WA0097.html]
[royalpalmcollege.com/category/sport/index.html]
[royalpalmcollege.com/wp-json/wp/v2/pages/4526.html]
[royalpalmcollege.com/index7776.html]
[royalpalmcollege.com/wp-json/oembed/1.0/embedefe7.html]
[royalpalmcollege.com/wp-json/oembed/1.0/embede786.html]
[royalpalmcollege.com/wp-content/themes/eduma/assets/js/isotope.pkgd.min5243.html]
[royalpalmcollege.com/wp-content/plugins/elementor/assets/css/widget-google_maps.min94b7.html]
[royalpalmcollege.com/wp-json/wp/v2/pages/87.html]
[royalpalmcollege.com/index5d38.html]
[royalpalmcollege.com/wp-json/oembed/1.0/embed321c.html]
[royalpalmcollege.com/wp-json/oembed/1.0/embed2e63.html]
[royalpalmcollege.com/wp-json/wp/v2/posts/11215.html]
[royalpalmcollege.com/indexb7e4.html]
[royalpalmcollege.com/wp-json/oembed/1.0/embedb630.html]
[royalpalmcollege.com/wp-json/oembed/1.0/embedee21.html]
[pinterest.com/pin/create/button/indexbb98.html]
[royalpalmcollege.com/wp-content/uploads/2022/01/hair-styling-300x200.html]
[royalpalmcollege.com/wp-content/uploads/2022/01/IMG-20201105-WA0030-300x200.html]
[royalpalmcollege.com/wp-content/uploads/2022/01/DSC_6829-300x200.html]
[royalpalmcollege.com/wp-json/wp/v2/posts/11144.html]
[royalpalmcollege.com/index6756.html]
[royalpalmcollege.com/wp-json/oembed/1.0/embed0bf1.html]
[royalpalmcollege.com/wp-json/oembed/1.0/embed5bf8.html]
[pinterest.com/pin/create/button/indexbc6a.html]
[royalpalmcollege.com/wp-content/uploads/2022/10/IMG-20210712-WA0013-300x200.html]
[royalpalmcollege.com/wp-json/wp/v2/posts/11116.html]
[royalpalmcollege.com/index8aed.html]
[royalpalmcollege.com/wp-json/oembed/1.0/embed321c-2.html]
[royalpalmcollege.com/wp-json/oembed/1.0/embed79cb.html]
[pinterest.com/pin/create/button/index9e7f.html]
[royalpalmcollege.com/wp-json/wp/v2/posts/71.html]
[royalpalmcollege.com/index6cf3.html]
[royalpalmcollege.com/wp-json/oembed/1.0/embed9eab.html]
[royalpalmcollege.com/wp-json/oembed/1.0/embede13d.html]
[royalpalmcollege.com/tag/entrepreneurship/index.html]
[royalpalmcollege.com/tag/school/index.html]
[pinterest.com/pin/create/button/indexefca.html]
[royalpalmcollege.com/wp-content/uploads/2025/05/JAMB-SCORE-RICO-300x200.html]
[royalpalmcollege.com/events/day-students-resume/feed/index.html]
[royalpalmcollege.com/wp-content/plugins/wp-events-manager/inc/libraries/countdown/css/jquery.countdowncc91.html]
[royalpalmcollege.com/wp-content/plugins/wp-events-manager/inc/libraries/owl-carousel/css/owl.carouselcc91.html]
[royalpalmcollege.com/wp-content/plugins/wp-events-manager/inc/libraries/magnific-popup/css/magnific-popupcc91.html]
[royalpalmcollege.com/wp-content/plugins/wp-events-manager/assets/css/frontend/events.mincc91.html]
[royalpalmcollege.com/index67b9.html]
[royalpalmcollege.com/wp-json/oembed/1.0/embed1202.html]
[royalpalmcollege.com/wp-json/oembed/1.0/embed42d9.html]
[royalpalmcollege.com/wp-content/uploads/2022/06/top-heading-course-new.html]
[royalpalmcollege.com/wp-content/uploads/2022/10/IMG-20201105-WA0074.html]
[pinterest.com/pin/create/button/index1b23.html]
[royalpalmcollege.com/wp-content/plugins/wp-events-manager/inc/libraries/countdown/js/jquery.plugin.min9704.html]
[royalpalmcollege.com/wp-content/plugins/wp-events-manager/inc/libraries/countdown/js/jquery.countdown.min9704.html]
[royalpalmcollege.com/wp-content/plugins/wp-events-manager/assets/js/frontend/google-map9704.html]
[royalpalmcollege.com/wp-content/plugins/wp-events-manager/inc/libraries/owl-carousel/js/owl.carousel.min9704.html]
[royalpalmcollege.com/wp-content/plugins/wp-events-manager/inc/libraries/magnific-popup/js/jquery.magnific-popup.mincc91.html]
[royalpalmcollege.com/wp-content/plugins/wp-events-manager/assets/js/frontend/events.min9704.html]
[royalpalmcollege.com/wp-includes/js/comment-reply.min9704.html]
[royalpalmcollege.com/events/boarding-students-resume/feed/index.html]
[royalpalmcollege.com/index8116.html]
[royalpalmcollege.com/wp-json/oembed/1.0/embede4d5.html]
[royalpalmcollege.com/wp-json/oembed/1.0/embedbced.html]
[royalpalmcollege.com/wp-content/uploads/2022/01/IMG-20201105-WA0083.html]
[pinterest.com/pin/create/button/index96d3.html]
[royalpalmcollege.com/events/feed/index.html]
[royalpalmcollege.com/wp-content/uploads/2022/10/IMG-20201105-WA0074-450x233.html]
[royalpalmcollege.com/wp-content/uploads/2022/01/IMG-20201105-WA0083-450x233.html]
[royalpalmcollege.com/wp-content/uploads/2022/09/IMG-20201105-WA0011-450x233.html]
[royalpalmcollege.com/events/open-day-collection-of-mid-term-reports/index.html]
[royalpalmcollege.com/wp-content/uploads/2022/09/IMG-20201105-WA0035-450x233.html]
[royalpalmcollege.com/events/mid-term-break/index.html]
[royalpalmcollege.com/wp-json/wp/v2/posts/3698.html]
[royalpalmcollege.com/index6c31.html]
[royalpalmcollege.com/wp-json/oembed/1.0/embed07c4.html]
[royalpalmcollege.com/wp-json/oembed/1.0/embed477e.html]
[royalpalmcollege.com/tag/course/index.html]
[pinterest.com/pin/create/button/index4657.html]
[royalpalmcollege.com/wp-json/wp/v2/posts/60.html]
[royalpalmcollege.com/index0721.html]
[royalpalmcollege.com/wp-json/oembed/1.0/embeddb94.html]
[royalpalmcollege.com/wp-json/oembed/1.0/embed8f41.html]
[royalpalmcollege.com/tag/basketball/index.html]
[royalpalmcollege.com/tag/football/index.html]
[royalpalmcollege.com/tag/sport/index.html]
[pinterest.com/pin/create/button/indexe001.html]
[royalpalmcollege.com/wp-json/wp/v2/posts/10924.html]
[royalpalmcollege.com/index9e12.html]
[royalpalmcollege.com/wp-json/oembed/1.0/embed1cb5.html]
[royalpalmcollege.com/wp-json/oembed/1.0/embed703b.html]
[royalpalmcollege.com/wp-content/uploads/2022/10/IMG-20201105-WA0093.html]
[royalpalmcollege.com/wp-content/uploads/2022/10/IMG-20201105-WA0092.html]
[royalpalmcollege.com/wp-content/uploads/2022/10/IMG-20201105-WA0091.html]
[royalpalmcollege.com/wp-content/uploads/2022/10/IMG-20201105-WA0090.html]
[royalpalmcollege.com/category/sick-bay/index.html]
[pinterest.com/pin/create/button/indexf5f0.html]
[royalpalmcollege.com/activities/index.html]
[royalpalmcollege.com/wp-json/wp/v2/posts/59.html]
[royalpalmcollege.com/index1098.html]
[royalpalmcollege.com/wp-json/oembed/1.0/embed5217.html]
[royalpalmcollege.com/wp-json/oembed/1.0/embed4d6e.html]
[royalpalmcollege.com/wp-content/uploads/2022/10/DSC_6838.html]
[royalpalmcollege.com/wp-content/uploads/2022/10/DSC_6842.html]
[royalpalmcollege.com/wp-content/uploads/2022/10/DSC_6841.html]
[royalpalmcollege.com/wp-content/uploads/2022/10/DSC_6846.html]
[royalpalmcollege.com/wp-content/uploads/2022/10/DSC_6829.html]
[royalpalmcollege.com/category/library/index.html]
[royalpalmcollege.com/tag/books/index.html]
[royalpalmcollege.com/tag/facilities/index.html]
[royalpalmcollege.com/tag/library/index.html]
[royalpalmcollege.com/tag/reading/index.html]
[pinterest.com/pin/create/button/index9d39.html]
[royalpalmcollege.com/boarding-facilities/index.html]
[royalpalmcollege.com/tag/boarding/index.html]
[royalpalmcollege.com/wp-json/wp/v2/posts/4513.html]
[royalpalmcollege.com/index8466.html]
[royalpalmcollege.com/wp-json/oembed/1.0/embed1aef.html]
[royalpalmcollege.com/wp-json/oembed/1.0/embeda03f.html]
[royalpalmcollege.com/wp-content/uploads/2022/01/DSC_6757.html]
[royalpalmcollege.com/wp-content/uploads/2022/01/DSC_6761.html]
[royalpalmcollege.com/wp-content/uploads/2022/01/DSC_6763.html]
[royalpalmcollege.com/wp-content/uploads/2022/01/IMG-20200517-WA0005.html]
[royalpalmcollege.com/wp-content/uploads/2022/01/IMG-20200517-WA0010.html]
[royalpalmcollege.com/wp-content/uploads/2022/01/IMG-20200613-WA0007.html]
[royalpalmcollege.com/wp-content/uploads/2022/01/IMG-20200613-WA0013.html]
[royalpalmcollege.com/wp-content/uploads/2022/01/IMG-20201010-WA0106.html]
[royalpalmcollege.com/wp-content/uploads/2022/01/IMG-20201012-WA0001.html]
[royalpalmcollege.com/wp-content/uploads/2022/01/IMG-20201024-WA0006.html]
[royalpalmcollege.com/category/ict/index.html]
[royalpalmcollege.com/tag/edutech/index.html]
[royalpalmcollege.com/tag/ict/index.html]
[royalpalmcollege.com/tag/ict-facilities/index.html]
[royalpalmcollege.com/tag/it/index.html]
[royalpalmcollege.com/tag/technology/index.html]
[pinterest.com/pin/create/button/indexdb16.html]
[royalpalmcollege.com/dinning-hall/index.html]
[royalpalmcollege.com/wp-json/wp/v2/posts/10488.html]
[royalpalmcollege.com/indexad8a.html]
[royalpalmcollege.com/wp-json/oembed/1.0/embedc7fd.html]
[royalpalmcollege.com/wp-json/oembed/1.0/embed9d0e.html]
[royalpalmcollege.com/tag/food/index.html]
[royalpalmcollege.com/tag/laboratory/index.html]
[royalpalmcollege.com/tag/nutrition/index.html]
[pinterest.com/pin/create/button/index5c6d.html]
[royalpalmcollege.com/wp-json/wp/v2/posts/10905.html]
[royalpalmcollege.com/indexadb1.html]
[royalpalmcollege.com/wp-json/oembed/1.0/embed4dbc.html]
[royalpalmcollege.com/wp-json/oembed/1.0/embedf91a.html]
[royalpalmcollege.com/category/facilities/index.html]
[royalpalmcollege.com/wp-content/uploads/2022/10/IMG-20201105-WA0011.html]
[royalpalmcollege.com/wp-content/uploads/2022/10/IMG-20201105-WA0006.html]
[royalpalmcollege.com/wp-content/uploads/2022/10/IMG-20201104-WA0010.html]
[royalpalmcollege.com/wp-content/uploads/2022/10/IMG-20201104-WA0004-1.html]
[royalpalmcollege.com/wp-content/uploads/2022/10/IMG-20201104-WA0003.html]
[pinterest.com/pin/create/button/indexe53f.html]
[royalpalmcollege.com/wp-json/wp/v2/posts/10858.html]
[royalpalmcollege.com/index71df.html]
[royalpalmcollege.com/wp-json/oembed/1.0/embedc984.html]
[royalpalmcollege.com/wp-json/oembed/1.0/embed4ce3.html]
[royalpalmcollege.com/wp-content/uploads/2022/10/DSC_0520.html]
[royalpalmcollege.com/wp-content/uploads/2022/10/DSC_0529.html]
[royalpalmcollege.com/wp-content/uploads/2022/10/DSC_0548.html]
[royalpalmcollege.com/wp-content/uploads/2022/10/DSC_0556.html]
[royalpalmcollege.com/wp-content/uploads/2022/10/DSC_0571.html]
[royalpalmcollege.com/wp-content/uploads/2022/10/DSC_0582.html]
[royalpalmcollege.com/wp-content/uploads/2022/10/DSC_0588.html]
[royalpalmcollege.com/wp-content/uploads/2022/10/DSC_0509.html]
[royalpalmcollege.com/wp-content/uploads/2022/10/DSC_0505.html]
[royalpalmcollege.com/wp-content/uploads/2022/10/DSC_0515.html]
[royalpalmcollege.com/category/uniforms/index.html]
[pinterest.com/pin/create/button/indexb822.html]
[royalpalmcollege.com/wp-json/wp/v2/posts/10508.html]
[royalpalmcollege.com/index437f.html]
[royalpalmcollege.com/wp-json/oembed/1.0/embedc0c1.html]
[royalpalmcollege.com/wp-json/oembed/1.0/embed20d3.html]
[royalpalmcollege.com/tag/science/index.html]
[royalpalmcollege.com/tag/standard-science-laboratory/index.html]
[pinterest.com/pin/create/button/indexb6f6.html]
[royalpalmcollege.com/wp-content/plugins/revslider/sr6/assets/fonts/revicons/revicons90c6.html]
[royalpalmcollege.com/wp-content/plugins/revslider/sr6/assets/fonts/revicons/revicons90c6-2.html]
[royalpalmcollege.com/wp-content/plugins/revslider/sr6/assets/fonts/revicons/revicons90c6-3.html]
[royalpalmcollege.com/wp-content/plugins/revslider/sr6/assets/css/openhand.html]
[royalpalmcollege.com/wp-content/plugins/revslider/sr6/assets/css/closedhand.html]
[royalpalmcollege.com/wp-content/plugins/revslider/sr6/assets/assets/gridtile.html]
[royalpalmcollege.com/wp-content/plugins/revslider/sr6/assets/assets/gridtile_white.html]
[royalpalmcollege.com/wp-content/plugins/revslider/sr6/assets/assets/gridtile_3x3.html]
[royalpalmcollege.com/wp-content/plugins/revslider/sr6/assets/assets/gridtile_3x3_white.html]
[royalpalmcollege.com/wp-content/plugins/revslider/sr6/assets/assets/coloredbg.html]
[royalpalmcollege.com/wp-content/plugins/revslider/sr6/assets/assets/loader.html]
[royalpalmcollege.com/t.html]
[royalpalmcollege.com/dummy.html]
[royalpalmcollege.com/revslider/public/assets/assets/svg/index.html]
[royalpalmcollege.com/revslider/public/assets/svg/index.html]
[royalpalmcollege.com/origin=https_/index.html]
[royalpalmcollege.com/Chrome/index.html]
[royalpalmcollege.com/OPR/index.html]
[royalpalmcollege.com/GET.html]
[royalpalmcollege.com/Popover requires tooltip.html]
[royalpalmcollege.com/${l}.html]
[royalpalmcollege.com/t.params.html]
[royalpalmcollege.com/wp-json/wp/v2/pages/10646.html]
[royalpalmcollege.com/index4b74.html]
[royalpalmcollege.com/wp-json/oembed/1.0/embed530f.html]
[royalpalmcollege.com/wp-json/oembed/1.0/embed91b9.html]
[pinterest.com/pin/create/button/index1fe4.html]
[royalpalmcollege.com/wp-content/uploads/2022/01/DSC_6725.html]
[royalpalmcollege.com/wp-content/uploads/2022/01/DSC_6728.html]
[royalpalmcollege.com/wp-content/uploads/2022/01/DSC_6729.html]
[royalpalmcollege.com/wp-content/uploads/2022/01/IMG-20201105-WA0080.html]
[royalpalmcollege.com/wp-content/uploads/2022/01/IMG-20201105-WA0081.html]
[royalpalmcollege.com/wp-content/uploads/2022/01/IMG-20201105-WA0082.html]
[royalpalmcollege.com/wp-content/uploads/2022/01/IMG-20201105-WA0087.html]
[royalpalmcollege.com/wp-content/uploads/2022/01/DSC_6742.html]
[royalpalmcollege.com/wp-content/uploads/2022/01/DSC_6743.html]
[royalpalmcollege.com/wp-content/uploads/2022/01/IMG-20201105-WA0088.html]
[royalpalmcollege.com/wp-content/uploads/2022/01/IMG-20201105-WA0085.html]
[royalpalmcollege.com/wp-content/uploads/2022/01/DSC_6746.html]
[royalpalmcollege.com/category/hostel/index.html]
[royalpalmcollege.com/wp-content/uploads/2022/01/IMG-20201105-WA0099.html]
[royalpalmcollege.com/wp-content/uploads/2022/01/IMG-20201105-WA0100.html]
[royalpalmcollege.com/wp-content/uploads/2022/01/IMG-20201105-WA0101.html]
[royalpalmcollege.com/wp-content/uploads/2022/01/IMG-20201105-WA0102.html]
[royalpalmcollege.com/wp-content/uploads/2022/01/DSC_6921.html]
[royalpalmcollege.com/wp-content/uploads/2022/01/DSC_6922.html]
[royalpalmcollege.com/wp-content/uploads/2022/01/DSC_6923.html]
[royalpalmcollege.com/wp-content/uploads/2022/01/DSC_6924.html]
[royalpalmcollege.com/wp-content/uploads/2022/01/DSC_6926.html]
[royalpalmcollege.com/wp-content/uploads/2022/01/DSC_6927.html]
[royalpalmcollege.com/category/cafeteria/index.html]
[royalpalmcollege.com/wp-content/uploads/2022/10/IMG-20201105-WA0002.html]
[royalpalmcollege.com/wp-content/uploads/2022/10/IMG-20201105-WA0023.html]
[royalpalmcollege.com/wp-content/uploads/2022/10/IMG-20201105-WA0039.html]
[royalpalmcollege.com/wp-content/uploads/2022/10/IMG-20201105-WA0040.html]
[royalpalmcollege.com/wp-content/uploads/2022/10/IMG-20201105-WA0052.html]
[royalpalmcollege.com/wp-content/uploads/2022/10/IMG-20201105-WA0053-1.html]
[royalpalmcollege.com/wp-content/uploads/2022/10/IMG-20201105-WA0025.html]
[royalpalmcollege.com/wp-content/uploads/2022/10/IMG-20201105-WA0042.html]
[royalpalmcollege.com/category/articles/feed/index.html]
[royalpalmcollege.com/wp-json/wp/v2/categories/60.html]
[pinterest.com/pin/create/button/index4140.html]
[pinterest.com/pin/create/button/indexca4a.html]
[pinterest.com/pin/create/button/index37ca.html]
[pinterest.com/pin/create/button/indexb009.html]
[pinterest.com/pin/create/button/index989b.html]
[pinterest.com/pin/create/button/index92d1.html]
[pinterest.com/pin/create/button/indexfcbc.html]
[pinterest.com/pin/create/button/index50e8.html]
[pinterest.com/pin/create/button/indexb75a.html]
[pinterest.com/pin/create/button/index1e80.html]
[royalpalmcollege.com/wp-json/wp/v2/posts/54.html]
[royalpalmcollege.com/indexcc0f.html]
[royalpalmcollege.com/wp-json/oembed/1.0/embed8b86.html]
[royalpalmcollege.com/wp-json/oembed/1.0/embed6e97.html]
[royalpalmcollege.com/tag/boarding/index.html]
[royalpalmcollege.com/tag/boarding-facilities/index.html]
[royalpalmcollege.com/tag/hostel/index.html]
[pinterest.com/pin/create/button/indexd719.html]
[pinterest.com/pin/create/button/indexa446.html]
[pinterest.com/pin/create/button/indexe888.html]
[pinterest.com/pin/create/button/indexa65a.html]
[pinterest.com/pin/create/button/index765b.html]
[royalpalmcollege.com/tag/standard-science-laboratory/feed/index.html]
[royalpalmcollege.com/wp-json/wp/v2/tags/89.html]
[pinterest.com/pin/create/button/index987d.html]
[royalpalmcollege.com/tag/boarding/feed/index.html]
[royalpalmcollege.com/wp-json/wp/v2/tags/74.html]
[pinterest.com/pin/create/button/index1e48.html]
